{
    "sopa_segment_wbacksub - tiff": {
        "content": [
            {
                "0": [
                    
                ],
                "1": [
                    
                ],
                "2": [
                    
                ],
                "3": [
                    "versions.yml:md5,68e76b954fa75f68c645487490fb74e9"
                ],
                "annotations": [
                    
                ],
                "kronos_embeddings": [
                    
                ],
                "kronos_marker_report": [
                    
                ],
                "versions": [
                    "versions.yml:md5,68e76b954fa75f68c645487490fb74e9"
                ]
            }
        ],
        "meta": {
            "nf-test": "0.9.2",
            "nextflow": "25.04.4"
        },
        "timestamp": "2026-04-20T14:53:53.979306668"
    }
}