{
    "segmentationreport - basic functionality": {
        "content": [
            {
                "0": [
                    [
                        {
                            "id": "test"
                        },
                        "test.html:md5,4734cdf87a83756f5b41ec4108686a02"
                    ]
                ],
                "1": [
                    
                ],
                "2": [
                    "versions.yml:md5,36e73e8f080247daa0c3097640cf401c"
                ],
                "rds": [
                    
                ],
                "report": [
                    [
                        {
                            "id": "test"
                        },
                        "test.html:md5,4734cdf87a83756f5b41ec4108686a02"
                    ]
                ],
                "versions": [
                    "versions.yml:md5,36e73e8f080247daa0c3097640cf401c"
                ]
            }
        ],
        "meta": {
            "nf-test": "0.9.2",
            "nextflow": "25.04.4"
        },
        "timestamp": "2026-01-29T17:14:46.565151042"
    },
    "segmentationreport - stub": {
        "content": [
            {
                "0": [
                    [
                        {
                            "id": "stub_test"
                        },
                        "stub_test.html:md5,d41d8cd98f00b204e9800998ecf8427e"
                    ]
                ],
                "1": [
                    [
                        {
                            "id": "stub_test"
                        },
                        "stub_test.rds:md5,d41d8cd98f00b204e9800998ecf8427e"
                    ]
                ],
                "2": [
                    "versions.yml:md5,36e73e8f080247daa0c3097640cf401c"
                ],
                "rds": [
                    [
                        {
                            "id": "stub_test"
                        },
                        "stub_test.rds:md5,d41d8cd98f00b204e9800998ecf8427e"
                    ]
                ],
                "report": [
                    [
                        {
                            "id": "stub_test"
                        },
                        "stub_test.html:md5,d41d8cd98f00b204e9800998ecf8427e"
                    ]
                ],
                "versions": [
                    "versions.yml:md5,36e73e8f080247daa0c3097640cf401c"
                ]
            }
        ],
        "meta": {
            "nf-test": "0.9.2",
            "nextflow": "25.04.4"
        },
        "timestamp": "2025-10-14T11:22:06.885311705"
    },
    "segmentationreport - add background image": {
        "content": [
            {
                "0": [
                    [
                        {
                            "id": "test"
                        },
                        "test.html:md5,d8942cb48d048137f4e065d913ce740e"
                    ]
                ],
                "1": [
                    
                ],
                "2": [
                    "versions.yml:md5,a36295eacb48d679e04b9d2c71e4f0eb"
                ],
                "rds": [
                    
                ],
                "report": [
                    [
                        {
                            "id": "test"
                        },
                        "test.html:md5,d8942cb48d048137f4e065d913ce740e"
                    ]
                ],
                "versions": [
                    "versions.yml:md5,a36295eacb48d679e04b9d2c71e4f0eb"
                ]
            }
        ],
        "meta": {
            "nf-test": "0.9.2",
            "nextflow": "25.04.4"
        },
        "timestamp": "2025-10-09T20:34:55.612758943"
    }
}