{
    "mesmersegment - nuclear segmentation": {
        "content": [
            {
                "0": [
                    [
                        {
                            "id": "test_nuclear"
                        },
                        "test_nuclear_nuclear.tiff:md5,07dc3d7f48a3ebf926fe82d6d68175af"
                    ]
                ],
                "1": [
                    "versions.yml:md5,295760d34b0dcd2c396b9fa080140d7e"
                ],
                "segmentation_mask": [
                    [
                        {
                            "id": "test_nuclear"
                        },
                        "test_nuclear_nuclear.tiff:md5,07dc3d7f48a3ebf926fe82d6d68175af"
                    ]
                ],
                "versions": [
                    "versions.yml:md5,295760d34b0dcd2c396b9fa080140d7e"
                ]
            }
        ],
        "meta": {
            "nf-test": "0.9.2",
            "nextflow": "25.04.4"
        },
        "timestamp": "2026-04-16T12:13:25.621357234"
    },
    "mesmersegment - cell segmentation": {
        "content": [
            {
                "0": [
                    [
                        {
                            "id": "test_whole_cell"
                        },
                        "test_whole_cell_whole-cell.tiff:md5,44ffdcf115bfcffbcba7a03276e77561"
                    ]
                ],
                "1": [
                    "versions.yml:md5,295760d34b0dcd2c396b9fa080140d7e"
                ],
                "segmentation_mask": [
                    [
                        {
                            "id": "test_whole_cell"
                        },
                        "test_whole_cell_whole-cell.tiff:md5,44ffdcf115bfcffbcba7a03276e77561"
                    ]
                ],
                "versions": [
                    "versions.yml:md5,295760d34b0dcd2c396b9fa080140d7e"
                ]
            }
        ],
        "meta": {
            "nf-test": "0.9.2",
            "nextflow": "25.04.4"
        },
        "timestamp": "2026-04-16T12:14:04.902946078"
    },
    "mesmersegment - stub": {
        "content": [
            {
                "0": [
                    [
                        {
                            "id": "test_stub"
                        },
                        "test_stub.tiff:md5,d41d8cd98f00b204e9800998ecf8427e"
                    ]
                ],
                "1": [
                    "versions.yml:md5,295760d34b0dcd2c396b9fa080140d7e"
                ],
                "segmentation_mask": [
                    [
                        {
                            "id": "test_stub"
                        },
                        "test_stub.tiff:md5,d41d8cd98f00b204e9800998ecf8427e"
                    ]
                ],
                "versions": [
                    "versions.yml:md5,295760d34b0dcd2c396b9fa080140d7e"
                ]
            }
        ],
        "meta": {
            "nf-test": "0.9.2",
            "nextflow": "25.04.4"
        },
        "timestamp": "2026-04-16T12:14:34.917255837"
    },
    "mesmersegment - minimal parameters": {
        "content": [
            {
                "0": [
                    [
                        {
                            "id": "test_minimal"
                        },
                        "test_minimal.tiff:md5,49dd1652948c2e2d4bb56b67d171e1a7"
                    ]
                ],
                "1": [
                    "versions.yml:md5,295760d34b0dcd2c396b9fa080140d7e"
                ],
                "segmentation_mask": [
                    [
                        {
                            "id": "test_minimal"
                        },
                        "test_minimal.tiff:md5,49dd1652948c2e2d4bb56b67d171e1a7"
                    ]
                ],
                "versions": [
                    "versions.yml:md5,295760d34b0dcd2c396b9fa080140d7e"
                ]
            }
        ],
        "meta": {
            "nf-test": "0.9.2",
            "nextflow": "25.04.4"
        },
        "timestamp": "2025-06-26T18:17:17.88036587"
    }
}