{
    "mesmer_segment - tiff": {
        "content": [
            {
                "0": [
                    [
                        {
                            "id": "test"
                        },
                        "test.geojson.gz:md5,931972d5b167785634da07a9fae13a70"
                    ]
                ],
                "1": [
                    [
                        {
                            "id": "test"
                        },
                        "test_whole-cell.tiff:md5,44ffdcf115bfcffbcba7a03276e77561"
                    ]
                ],
                "2": [
                    [
                        {
                            "id": "test"
                        },
                        "test_nuclear.tiff:md5,07dc3d7f48a3ebf926fe82d6d68175af"
                    ]
                ],
                "3": [
                    
                ],
                "4": [
                    
                ],
                "5": [
                    
                ],
                "6": [
                    "versions.yml:md5,020f6b6c73631bfaf9a42689d3222190",
                    "versions.yml:md5,68a8830aa886f215d23c6be7ff709d11",
                    "versions.yml:md5,ec8fbc92050f538763cdc496a2986c88"
                ],
                "annotations": [
                    [
                        {
                            "id": "test"
                        },
                        "test.geojson.gz:md5,931972d5b167785634da07a9fae13a70"
                    ]
                ],
                "kronos_embeddings": [
                    
                ],
                "kronos_marker_report": [
                    
                ],
                "nuclear_tif": [
                    [
                        {
                            "id": "test"
                        },
                        "test_nuclear.tiff:md5,07dc3d7f48a3ebf926fe82d6d68175af"
                    ]
                ],
                "report": [
                    
                ],
                "versions": [
                    "versions.yml:md5,020f6b6c73631bfaf9a42689d3222190",
                    "versions.yml:md5,68a8830aa886f215d23c6be7ff709d11",
                    "versions.yml:md5,ec8fbc92050f538763cdc496a2986c88"
                ],
                "whole_cell_tif": [
                    [
                        {
                            "id": "test"
                        },
                        "test_whole-cell.tiff:md5,44ffdcf115bfcffbcba7a03276e77561"
                    ]
                ]
            }
        ],
        "meta": {
            "nf-test": "0.9.2",
            "nextflow": "25.04.4"
        },
        "timestamp": "2026-06-09T15:43:13.149887483"
    }
}