{
    "cellsamsegment - whole-cell segmentation": {
        "content": [
            {
                "0": [
                    [
                        {
                            "id": "test_whole_cell"
                        },
                        "test_whole_cell_whole-cell.tiff:md5,6d2f15cac3f91e683f722ad612b89e03"
                    ]
                ],
                "1": [
                    "versions.yml:md5,9584c8e6a2d6da91adfbca7fe2630c9e"
                ],
                "segmentation_mask": [
                    [
                        {
                            "id": "test_whole_cell"
                        },
                        "test_whole_cell_whole-cell.tiff:md5,6d2f15cac3f91e683f722ad612b89e03"
                    ]
                ],
                "versions": [
                    "versions.yml:md5,9584c8e6a2d6da91adfbca7fe2630c9e"
                ]
            }
        ],
        "meta": {
            "nf-test": "0.9.2",
            "nextflow": "25.04.4"
        },
        "timestamp": "2026-05-20T15:02:50.764164237"
    },
    "cellsamsegment - stub": {
        "content": [
            {
                "0": [
                    [
                        {
                            "id": "test_stub"
                        },
                        "test_stub_nuclear.tiff:md5,d41d8cd98f00b204e9800998ecf8427e"
                    ]
                ],
                "1": [
                    "versions.yml:md5,9584c8e6a2d6da91adfbca7fe2630c9e"
                ],
                "segmentation_mask": [
                    [
                        {
                            "id": "test_stub"
                        },
                        "test_stub_nuclear.tiff:md5,d41d8cd98f00b204e9800998ecf8427e"
                    ]
                ],
                "versions": [
                    "versions.yml:md5,9584c8e6a2d6da91adfbca7fe2630c9e"
                ]
            }
        ],
        "meta": {
            "nf-test": "0.9.2",
            "nextflow": "25.04.4"
        },
        "timestamp": "2026-04-15T10:33:18.860879598"
    },
    "cellsamsegment - nuclear segmentation": {
        "content": [
            {
                "0": [
                    [
                        {
                            "id": "test_nuclear"
                        },
                        "test_nuclear_nuclear.tiff:md5,262c8318f9c63788cc9ac243535b0130"
                    ]
                ],
                "1": [
                    "versions.yml:md5,9584c8e6a2d6da91adfbca7fe2630c9e"
                ],
                "segmentation_mask": [
                    [
                        {
                            "id": "test_nuclear"
                        },
                        "test_nuclear_nuclear.tiff:md5,262c8318f9c63788cc9ac243535b0130"
                    ]
                ],
                "versions": [
                    "versions.yml:md5,9584c8e6a2d6da91adfbca7fe2630c9e"
                ]
            }
        ],
        "meta": {
            "nf-test": "0.9.2",
            "nextflow": "25.04.4"
        },
        "timestamp": "2026-05-20T15:01:51.646029849"
    }
}