{
    "backgroundsubtract - tiff": {
        "content": [
            {
                "0": [
                    [
                        {
                            "id": "test"
                        },
                        "test.ome.tif:md5,db46e01e7cbca61bab56b533e0af57fd"
                    ]
                ],
                "1": [
                    [
                        {
                            "id": "test"
                        },
                        "test.csv:md5,3692adbd67412c39b64a138d3a0ee448"
                    ]
                ],
                "2": [
                    "versions.yml:md5,1cecc3473595658d6fd78efac8045516",
                    "versions.yml:md5,e302ce17f9fa003635e1f162564f4f99"
                ],
                "backsub_tif": [
                    [
                        {
                            "id": "test"
                        },
                        "test.ome.tif:md5,db46e01e7cbca61bab56b533e0af57fd"
                    ]
                ],
                "markers": [
                    [
                        {
                            "id": "test"
                        },
                        "test.csv:md5,3692adbd67412c39b64a138d3a0ee448"
                    ]
                ],
                "versions": [
                    "versions.yml:md5,1cecc3473595658d6fd78efac8045516",
                    "versions.yml:md5,e302ce17f9fa003635e1f162564f4f99"
                ]
            }
        ],
        "meta": {
            "nf-test": "0.9.2",
            "nextflow": "25.04.4"
        },
        "timestamp": "2026-05-25T10:10:41.611515324"
    }
}