{
    "sopa_segment_compartment - tiff - whole-cell": {
        "content": [
            {
                "0": [
                    [
                        {
                            "id": "test"
                        },
                        [
                            [
                                [
                                    "0.parquet:md5,22513c5fb02725de58b4db868075b34d"
                                ],
                                "patches_file_image:md5,b026324c6904b2a9cb4b88d6d61c81d1"
                            ],
                            ".zattrs:md5,5b1624cbfb8945c68cb2c81560b6c34a",
                            ".zgroup:md5,e20297935e73dd0154104d4ea53040ab",
                            [
                                ".zgroup:md5,e20297935e73dd0154104d4ea53040ab",
                                [
                                    ".zattrs:md5,6eb7f30f2fd06c5545b10ef449c4dfe2",
                                    ".zgroup:md5,e20297935e73dd0154104d4ea53040ab",
                                    [
                                        ".zarray:md5,693c1a6da0b95db2dcbeef6cdd71799b",
                                        [
                                            [
                                                "0:md5,145adf06fce482a5962026e847ba34bc"
                                            ]
                                        ],
                                        [
                                            [
                                                "0:md5,bda4a0f66e52d9e7010d7315fe223723"
                                            ]
                                        ],
                                        [
                                            [
                                                "0:md5,145adf06fce482a5962026e847ba34bc"
                                            ]
                                        ]
                                    ],
                                    [
                                        ".zarray:md5,d0b0a330e9253e2f8f5371781c776278",
                                        [
                                            [
                                                "0:md5,5bad6c314a4c2a971a866c29f26737bb"
                                            ]
                                        ],
                                        [
                                            [
                                                "0:md5,e0f5c1b3f64c87c25e4a7b86f1667927"
                                            ]
                                        ],
                                        [
                                            [
                                                "0:md5,5bad6c314a4c2a971a866c29f26737bb"
                                            ]
                                        ]
                                    ],
                                    [
                                        ".zarray:md5,52ff9c3163107de97ee187763db1ae23",
                                        [
                                            [
                                                "0:md5,598ed11b166b832625be3f2ddbd6ecd2"
                                            ]
                                        ],
                                        [
                                            [
                                                "0:md5,78866146a797efe42b527b15d26ab90e"
                                            ]
                                        ],
                                        [
                                            [
                                                "0:md5,598ed11b166b832625be3f2ddbd6ecd2"
                                            ]
                                        ]
                                    ],
                                    [
                                        ".zarray:md5,51793604f7aa317fb8b81244e07e021e",
                                        [
                                            [
                                                "0:md5,cc8fab9e913769032dd5403aea144cf7"
                                            ]
                                        ],
                                        [
                                            [
                                                "0:md5,78ddb0bb5197b0ce35fcfd9d549ee7fa"
                                            ]
                                        ],
                                        [
                                            [
                                                "0:md5,cc8fab9e913769032dd5403aea144cf7"
                                            ]
                                        ]
                                    ],
                                    [
                                        ".zarray:md5,9fe13f0f19532d31d6ef189dd85135a2",
                                        [
                                            [
                                                "0:md5,f5a4b64cd322ed6cb509fb338d78bbc9"
                                            ]
                                        ],
                                        [
                                            [
                                                "0:md5,0c5dc99a0d1979df7d498a20555f9057"
                                            ]
                                        ],
                                        [
                                            [
                                                "0:md5,f5a4b64cd322ed6cb509fb338d78bbc9"
                                            ]
                                        ]
                                    ]
                                ]
                            ],
                            [
                                ".zgroup:md5,e20297935e73dd0154104d4ea53040ab",
                                [
                                    ".zattrs:md5,37c0eabf77e69009a9f0c878e69ea262",
                                    ".zgroup:md5,e20297935e73dd0154104d4ea53040ab",
                                    "shapes.parquet:md5,95bdc05ab2fb0996577ae711761f01bc"
                                ],
                                [
                                    ".zattrs:md5,37c0eabf77e69009a9f0c878e69ea262",
                                    ".zgroup:md5,e20297935e73dd0154104d4ea53040ab",
                                    "shapes.parquet:md5,3b93467199715b849ed467bd3030b386"
                                ]
                            ],
                            "zmetadata:md5,de568dce6924e52a7c25150fb5768b33"
                        ]
                    ]
                ],
                "1": [
                    [
                        {
                            "id": "test"
                        },
                        "test_whole-cell.tiff:md5,d02bd49283eb52ee4bd3deba594fb0c3"
                    ]
                ],
                "2": [
                    "versions.yml:md5,49a1720f2a84a49cdc275753a0520d9b",
                    "versions.yml:md5,6a3b91ba67e84aeb9eb9c3965363c5ac",
                    "versions.yml:md5,886b81c4ac10fcf574bb5842a7088304",
                    "versions.yml:md5,9d57548309c95ae9e205acde40c4fc09"
                ],
                "tiff": [
                    [
                        {
                            "id": "test"
                        },
                        "test_whole-cell.tiff:md5,d02bd49283eb52ee4bd3deba594fb0c3"
                    ]
                ],
                "versions": [
                    "versions.yml:md5,49a1720f2a84a49cdc275753a0520d9b",
                    "versions.yml:md5,6a3b91ba67e84aeb9eb9c3965363c5ac",
                    "versions.yml:md5,886b81c4ac10fcf574bb5842a7088304",
                    "versions.yml:md5,9d57548309c95ae9e205acde40c4fc09"
                ],
                "zarr": [
                    [
                        {
                            "id": "test"
                        },
                        [
                            [
                                [
                                    "0.parquet:md5,22513c5fb02725de58b4db868075b34d"
                                ],
                                "patches_file_image:md5,b026324c6904b2a9cb4b88d6d61c81d1"
                            ],
                            ".zattrs:md5,5b1624cbfb8945c68cb2c81560b6c34a",
                            ".zgroup:md5,e20297935e73dd0154104d4ea53040ab",
                            [
                                ".zgroup:md5,e20297935e73dd0154104d4ea53040ab",
                                [
                                    ".zattrs:md5,6eb7f30f2fd06c5545b10ef449c4dfe2",
                                    ".zgroup:md5,e20297935e73dd0154104d4ea53040ab",
                                    [
                                        ".zarray:md5,693c1a6da0b95db2dcbeef6cdd71799b",
                                        [
                                            [
                                                "0:md5,145adf06fce482a5962026e847ba34bc"
                                            ]
                                        ],
                                        [
                                            [
                                                "0:md5,bda4a0f66e52d9e7010d7315fe223723"
                                            ]
                                        ],
                                        [
                                            [
                                                "0:md5,145adf06fce482a5962026e847ba34bc"
                                            ]
                                        ]
                                    ],
                                    [
                                        ".zarray:md5,d0b0a330e9253e2f8f5371781c776278",
                                        [
                                            [
                                                "0:md5,5bad6c314a4c2a971a866c29f26737bb"
                                            ]
                                        ],
                                        [
                                            [
                                                "0:md5,e0f5c1b3f64c87c25e4a7b86f1667927"
                                            ]
                                        ],
                                        [
                                            [
                                                "0:md5,5bad6c314a4c2a971a866c29f26737bb"
                                            ]
                                        ]
                                    ],
                                    [
                                        ".zarray:md5,52ff9c3163107de97ee187763db1ae23",
                                        [
                                            [
                                                "0:md5,598ed11b166b832625be3f2ddbd6ecd2"
                                            ]
                                        ],
                                        [
                                            [
                                                "0:md5,78866146a797efe42b527b15d26ab90e"
                                            ]
                                        ],
                                        [
                                            [
                                                "0:md5,598ed11b166b832625be3f2ddbd6ecd2"
                                            ]
                                        ]
                                    ],
                                    [
                                        ".zarray:md5,51793604f7aa317fb8b81244e07e021e",
                                        [
                                            [
                                                "0:md5,cc8fab9e913769032dd5403aea144cf7"
                                            ]
                                        ],
                                        [
                                            [
                                                "0:md5,78ddb0bb5197b0ce35fcfd9d549ee7fa"
                                            ]
                                        ],
                                        [
                                            [
                                                "0:md5,cc8fab9e913769032dd5403aea144cf7"
                                            ]
                                        ]
                                    ],
                                    [
                                        ".zarray:md5,9fe13f0f19532d31d6ef189dd85135a2",
                                        [
                                            [
                                                "0:md5,f5a4b64cd322ed6cb509fb338d78bbc9"
                                            ]
                                        ],
                                        [
                                            [
                                                "0:md5,0c5dc99a0d1979df7d498a20555f9057"
                                            ]
                                        ],
                                        [
                                            [
                                                "0:md5,f5a4b64cd322ed6cb509fb338d78bbc9"
                                            ]
                                        ]
                                    ]
                                ]
                            ],
                            [
                                ".zgroup:md5,e20297935e73dd0154104d4ea53040ab",
                                [
                                    ".zattrs:md5,37c0eabf77e69009a9f0c878e69ea262",
                                    ".zgroup:md5,e20297935e73dd0154104d4ea53040ab",
                                    "shapes.parquet:md5,95bdc05ab2fb0996577ae711761f01bc"
                                ],
                                [
                                    ".zattrs:md5,37c0eabf77e69009a9f0c878e69ea262",
                                    ".zgroup:md5,e20297935e73dd0154104d4ea53040ab",
                                    "shapes.parquet:md5,3b93467199715b849ed467bd3030b386"
                                ]
                            ],
                            "zmetadata:md5,de568dce6924e52a7c25150fb5768b33"
                        ]
                    ]
                ]
            }
        ],
        "meta": {
            "nf-test": "0.9.2",
            "nextflow": "25.04.4"
        },
        "timestamp": "2026-05-25T10:48:33.916123973"
    },
    "sopa_segment - tiff - whole-cell": {
        "content": [
            {
                "0": [
                    [
                        {
                            "id": "test"
                        },
                        [
                            [
                                [
                                    "0.parquet:md5,767d788e69a0d57927a2c1632f42f8db"
                                ],
                                "patches_file_image:md5,b026324c6904b2a9cb4b88d6d61c81d1"
                            ],
                            ".zattrs:md5,f73562e0c37fb0115b37794a1a74974b",
                            ".zgroup:md5,e20297935e73dd0154104d4ea53040ab",
                            [
                                ".zgroup:md5,e20297935e73dd0154104d4ea53040ab",
                                [
                                    ".zattrs:md5,88568da6903af9fe0e018987dc08cae8",
                                    ".zgroup:md5,e20297935e73dd0154104d4ea53040ab",
                                    [
                                        ".zarray:md5,693c1a6da0b95db2dcbeef6cdd71799b",
                                        [
                                            [
                                                "0:md5,145adf06fce482a5962026e847ba34bc"
                                            ]
                                        ],
                                        [
                                            [
                                                "0:md5,bda4a0f66e52d9e7010d7315fe223723"
                                            ]
                                        ],
                                        [
                                            [
                                                "0:md5,145adf06fce482a5962026e847ba34bc"
                                            ]
                                        ]
                                    ],
                                    [
                                        ".zarray:md5,d0b0a330e9253e2f8f5371781c776278",
                                        [
                                            [
                                                "0:md5,5bad6c314a4c2a971a866c29f26737bb"
                                            ]
                                        ],
                                        [
                                            [
                                                "0:md5,e0f5c1b3f64c87c25e4a7b86f1667927"
                                            ]
                                        ],
                                        [
                                            [
                                                "0:md5,5bad6c314a4c2a971a866c29f26737bb"
                                            ]
                                        ]
                                    ],
                                    [
                                        ".zarray:md5,52ff9c3163107de97ee187763db1ae23",
                                        [
                                            [
                                                "0:md5,598ed11b166b832625be3f2ddbd6ecd2"
                                            ]
                                        ],
                                        [
                                            [
                                                "0:md5,78866146a797efe42b527b15d26ab90e"
                                            ]
                                        ],
                                        [
                                            [
                                                "0:md5,598ed11b166b832625be3f2ddbd6ecd2"
                                            ]
                                        ]
                                    ],
                                    [
                                        ".zarray:md5,51793604f7aa317fb8b81244e07e021e",
                                        [
                                            [
                                                "0:md5,cc8fab9e913769032dd5403aea144cf7"
                                            ]
                                        ],
                                        [
                                            [
                                                "0:md5,78ddb0bb5197b0ce35fcfd9d549ee7fa"
                                            ]
                                        ],
                                        [
                                            [
                                                "0:md5,cc8fab9e913769032dd5403aea144cf7"
                                            ]
                                        ]
                                    ],
                                    [
                                        ".zarray:md5,9fe13f0f19532d31d6ef189dd85135a2",
                                        [
                                            [
                                                "0:md5,f5a4b64cd322ed6cb509fb338d78bbc9"
                                            ]
                                        ],
                                        [
                                            [
                                                "0:md5,0c5dc99a0d1979df7d498a20555f9057"
                                            ]
                                        ],
                                        [
                                            [
                                                "0:md5,f5a4b64cd322ed6cb509fb338d78bbc9"
                                            ]
                                        ]
                                    ]
                                ]
                            ],
                            [
                                ".zgroup:md5,e20297935e73dd0154104d4ea53040ab",
                                [
                                    ".zattrs:md5,3092d7fd5d51b39416853b3c74211344",
                                    ".zgroup:md5,e20297935e73dd0154104d4ea53040ab",
                                    "shapes.parquet:md5,b0fb6187c4c7df4dff353ad918b02e37"
                                ],
                                [
                                    ".zattrs:md5,3092d7fd5d51b39416853b3c74211344",
                                    ".zgroup:md5,e20297935e73dd0154104d4ea53040ab",
                                    "shapes.parquet:md5,1d72741f51032c25f60816665ba7506b"
                                ]
                            ],
                            "zmetadata:md5,a3a0a0335a8f02b5aeb807496769d4dd"
                        ]
                    ]
                ],
                "1": [
                    [
                        {
                            "id": "test"
                        },
                        "test_whole-cell.tiff:md5,6df6ba77ef83b5c5f3c1e22c13efe363"
                    ]
                ],
                "2": [
                    
                ],
                "tiff": [
                    [
                        {
                            "id": "test"
                        },
                        "test_whole-cell.tiff:md5,6df6ba77ef83b5c5f3c1e22c13efe363"
                    ]
                ],
                "versions": [
                    
                ],
                "zarr": [
                    [
                        {
                            "id": "test"
                        },
                        [
                            [
                                [
                                    "0.parquet:md5,767d788e69a0d57927a2c1632f42f8db"
                                ],
                                "patches_file_image:md5,b026324c6904b2a9cb4b88d6d61c81d1"
                            ],
                            ".zattrs:md5,f73562e0c37fb0115b37794a1a74974b",
                            ".zgroup:md5,e20297935e73dd0154104d4ea53040ab",
                            [
                                ".zgroup:md5,e20297935e73dd0154104d4ea53040ab",
                                [
                                    ".zattrs:md5,88568da6903af9fe0e018987dc08cae8",
                                    ".zgroup:md5,e20297935e73dd0154104d4ea53040ab",
                                    [
                                        ".zarray:md5,693c1a6da0b95db2dcbeef6cdd71799b",
                                        [
                                            [
                                                "0:md5,145adf06fce482a5962026e847ba34bc"
                                            ]
                                        ],
                                        [
                                            [
                                                "0:md5,bda4a0f66e52d9e7010d7315fe223723"
                                            ]
                                        ],
                                        [
                                            [
                                                "0:md5,145adf06fce482a5962026e847ba34bc"
                                            ]
                                        ]
                                    ],
                                    [
                                        ".zarray:md5,d0b0a330e9253e2f8f5371781c776278",
                                        [
                                            [
                                                "0:md5,5bad6c314a4c2a971a866c29f26737bb"
                                            ]
                                        ],
                                        [
                                            [
                                                "0:md5,e0f5c1b3f64c87c25e4a7b86f1667927"
                                            ]
                                        ],
                                        [
                                            [
                                                "0:md5,5bad6c314a4c2a971a866c29f26737bb"
                                            ]
                                        ]
                                    ],
                                    [
                                        ".zarray:md5,52ff9c3163107de97ee187763db1ae23",
                                        [
                                            [
                                                "0:md5,598ed11b166b832625be3f2ddbd6ecd2"
                                            ]
                                        ],
                                        [
                                            [
                                                "0:md5,78866146a797efe42b527b15d26ab90e"
                                            ]
                                        ],
                                        [
                                            [
                                                "0:md5,598ed11b166b832625be3f2ddbd6ecd2"
                                            ]
                                        ]
                                    ],
                                    [
                                        ".zarray:md5,51793604f7aa317fb8b81244e07e021e",
                                        [
                                            [
                                                "0:md5,cc8fab9e913769032dd5403aea144cf7"
                                            ]
                                        ],
                                        [
                                            [
                                                "0:md5,78ddb0bb5197b0ce35fcfd9d549ee7fa"
                                            ]
                                        ],
                                        [
                                            [
                                                "0:md5,cc8fab9e913769032dd5403aea144cf7"
                                            ]
                                        ]
                                    ],
                                    [
                                        ".zarray:md5,9fe13f0f19532d31d6ef189dd85135a2",
                                        [
                                            [
                                                "0:md5,f5a4b64cd322ed6cb509fb338d78bbc9"
                                            ]
                                        ],
                                        [
                                            [
                                                "0:md5,0c5dc99a0d1979df7d498a20555f9057"
                                            ]
                                        ],
                                        [
                                            [
                                                "0:md5,f5a4b64cd322ed6cb509fb338d78bbc9"
                                            ]
                                        ]
                                    ]
                                ]
                            ],
                            [
                                ".zgroup:md5,e20297935e73dd0154104d4ea53040ab",
                                [
                                    ".zattrs:md5,3092d7fd5d51b39416853b3c74211344",
                                    ".zgroup:md5,e20297935e73dd0154104d4ea53040ab",
                                    "shapes.parquet:md5,b0fb6187c4c7df4dff353ad918b02e37"
                                ],
                                [
                                    ".zattrs:md5,3092d7fd5d51b39416853b3c74211344",
                                    ".zgroup:md5,e20297935e73dd0154104d4ea53040ab",
                                    "shapes.parquet:md5,1d72741f51032c25f60816665ba7506b"
                                ]
                            ],
                            "zmetadata:md5,a3a0a0335a8f02b5aeb807496769d4dd"
                        ]
                    ]
                ]
            }
        ],
        "meta": {
            "nf-test": "0.9.2",
            "nextflow": "25.04.4"
        },
        "timestamp": "2025-07-22T12:22:38.860786592"
    },
    "sopa_segment_compartment - tiff - nuclear": {
        "content": [
            {
                "0": [
                    [
                        {
                            "id": "test"
                        },
                        [
                            [
                                [
                                    "0.parquet:md5,61c904c0f59f03be6036b39a7f5446a7"
                                ],
                                "patches_file_image:md5,b026324c6904b2a9cb4b88d6d61c81d1"
                            ],
                            ".zattrs:md5,5b1624cbfb8945c68cb2c81560b6c34a",
                            ".zgroup:md5,e20297935e73dd0154104d4ea53040ab",
                            [
                                ".zgroup:md5,e20297935e73dd0154104d4ea53040ab",
                                [
                                    ".zattrs:md5,6eb7f30f2fd06c5545b10ef449c4dfe2",
                                    ".zgroup:md5,e20297935e73dd0154104d4ea53040ab",
                                    [
                                        ".zarray:md5,693c1a6da0b95db2dcbeef6cdd71799b",
                                        [
                                            [
                                                "0:md5,145adf06fce482a5962026e847ba34bc"
                                            ]
                                        ],
                                        [
                                            [
                                                "0:md5,bda4a0f66e52d9e7010d7315fe223723"
                                            ]
                                        ],
                                        [
                                            [
                                                "0:md5,145adf06fce482a5962026e847ba34bc"
                                            ]
                                        ]
                                    ],
                                    [
                                        ".zarray:md5,d0b0a330e9253e2f8f5371781c776278",
                                        [
                                            [
                                                "0:md5,5bad6c314a4c2a971a866c29f26737bb"
                                            ]
                                        ],
                                        [
                                            [
                                                "0:md5,e0f5c1b3f64c87c25e4a7b86f1667927"
                                            ]
                                        ],
                                        [
                                            [
                                                "0:md5,5bad6c314a4c2a971a866c29f26737bb"
                                            ]
                                        ]
                                    ],
                                    [
                                        ".zarray:md5,52ff9c3163107de97ee187763db1ae23",
                                        [
                                            [
                                                "0:md5,598ed11b166b832625be3f2ddbd6ecd2"
                                            ]
                                        ],
                                        [
                                            [
                                                "0:md5,78866146a797efe42b527b15d26ab90e"
                                            ]
                                        ],
                                        [
                                            [
                                                "0:md5,598ed11b166b832625be3f2ddbd6ecd2"
                                            ]
                                        ]
                                    ],
                                    [
                                        ".zarray:md5,51793604f7aa317fb8b81244e07e021e",
                                        [
                                            [
                                                "0:md5,cc8fab9e913769032dd5403aea144cf7"
                                            ]
                                        ],
                                        [
                                            [
                                                "0:md5,78ddb0bb5197b0ce35fcfd9d549ee7fa"
                                            ]
                                        ],
                                        [
                                            [
                                                "0:md5,cc8fab9e913769032dd5403aea144cf7"
                                            ]
                                        ]
                                    ],
                                    [
                                        ".zarray:md5,9fe13f0f19532d31d6ef189dd85135a2",
                                        [
                                            [
                                                "0:md5,f5a4b64cd322ed6cb509fb338d78bbc9"
                                            ]
                                        ],
                                        [
                                            [
                                                "0:md5,0c5dc99a0d1979df7d498a20555f9057"
                                            ]
                                        ],
                                        [
                                            [
                                                "0:md5,f5a4b64cd322ed6cb509fb338d78bbc9"
                                            ]
                                        ]
                                    ]
                                ]
                            ],
                            [
                                ".zgroup:md5,e20297935e73dd0154104d4ea53040ab",
                                [
                                    ".zattrs:md5,37c0eabf77e69009a9f0c878e69ea262",
                                    ".zgroup:md5,e20297935e73dd0154104d4ea53040ab",
                                    "shapes.parquet:md5,421068b309f947d377a39796ab75c048"
                                ],
                                [
                                    ".zattrs:md5,37c0eabf77e69009a9f0c878e69ea262",
                                    ".zgroup:md5,e20297935e73dd0154104d4ea53040ab",
                                    "shapes.parquet:md5,3b93467199715b849ed467bd3030b386"
                                ]
                            ],
                            "zmetadata:md5,de568dce6924e52a7c25150fb5768b33"
                        ]
                    ]
                ],
                "1": [
                    [
                        {
                            "id": "test"
                        },
                        "test_nuclear.tiff:md5,0dd293dea680c886f43a3207291aedf3"
                    ]
                ],
                "2": [
                    "versions.yml:md5,49a1720f2a84a49cdc275753a0520d9b",
                    "versions.yml:md5,6a3b91ba67e84aeb9eb9c3965363c5ac",
                    "versions.yml:md5,886b81c4ac10fcf574bb5842a7088304",
                    "versions.yml:md5,9d57548309c95ae9e205acde40c4fc09"
                ],
                "tiff": [
                    [
                        {
                            "id": "test"
                        },
                        "test_nuclear.tiff:md5,0dd293dea680c886f43a3207291aedf3"
                    ]
                ],
                "versions": [
                    "versions.yml:md5,49a1720f2a84a49cdc275753a0520d9b",
                    "versions.yml:md5,6a3b91ba67e84aeb9eb9c3965363c5ac",
                    "versions.yml:md5,886b81c4ac10fcf574bb5842a7088304",
                    "versions.yml:md5,9d57548309c95ae9e205acde40c4fc09"
                ],
                "zarr": [
                    [
                        {
                            "id": "test"
                        },
                        [
                            [
                                [
                                    "0.parquet:md5,61c904c0f59f03be6036b39a7f5446a7"
                                ],
                                "patches_file_image:md5,b026324c6904b2a9cb4b88d6d61c81d1"
                            ],
                            ".zattrs:md5,5b1624cbfb8945c68cb2c81560b6c34a",
                            ".zgroup:md5,e20297935e73dd0154104d4ea53040ab",
                            [
                                ".zgroup:md5,e20297935e73dd0154104d4ea53040ab",
                                [
                                    ".zattrs:md5,6eb7f30f2fd06c5545b10ef449c4dfe2",
                                    ".zgroup:md5,e20297935e73dd0154104d4ea53040ab",
                                    [
                                        ".zarray:md5,693c1a6da0b95db2dcbeef6cdd71799b",
                                        [
                                            [
                                                "0:md5,145adf06fce482a5962026e847ba34bc"
                                            ]
                                        ],
                                        [
                                            [
                                                "0:md5,bda4a0f66e52d9e7010d7315fe223723"
                                            ]
                                        ],
                                        [
                                            [
                                                "0:md5,145adf06fce482a5962026e847ba34bc"
                                            ]
                                        ]
                                    ],
                                    [
                                        ".zarray:md5,d0b0a330e9253e2f8f5371781c776278",
                                        [
                                            [
                                                "0:md5,5bad6c314a4c2a971a866c29f26737bb"
                                            ]
                                        ],
                                        [
                                            [
                                                "0:md5,e0f5c1b3f64c87c25e4a7b86f1667927"
                                            ]
                                        ],
                                        [
                                            [
                                                "0:md5,5bad6c314a4c2a971a866c29f26737bb"
                                            ]
                                        ]
                                    ],
                                    [
                                        ".zarray:md5,52ff9c3163107de97ee187763db1ae23",
                                        [
                                            [
                                                "0:md5,598ed11b166b832625be3f2ddbd6ecd2"
                                            ]
                                        ],
                                        [
                                            [
                                                "0:md5,78866146a797efe42b527b15d26ab90e"
                                            ]
                                        ],
                                        [
                                            [
                                                "0:md5,598ed11b166b832625be3f2ddbd6ecd2"
                                            ]
                                        ]
                                    ],
                                    [
                                        ".zarray:md5,51793604f7aa317fb8b81244e07e021e",
                                        [
                                            [
                                                "0:md5,cc8fab9e913769032dd5403aea144cf7"
                                            ]
                                        ],
                                        [
                                            [
                                                "0:md5,78ddb0bb5197b0ce35fcfd9d549ee7fa"
                                            ]
                                        ],
                                        [
                                            [
                                                "0:md5,cc8fab9e913769032dd5403aea144cf7"
                                            ]
                                        ]
                                    ],
                                    [
                                        ".zarray:md5,9fe13f0f19532d31d6ef189dd85135a2",
                                        [
                                            [
                                                "0:md5,f5a4b64cd322ed6cb509fb338d78bbc9"
                                            ]
                                        ],
                                        [
                                            [
                                                "0:md5,0c5dc99a0d1979df7d498a20555f9057"
                                            ]
                                        ],
                                        [
                                            [
                                                "0:md5,f5a4b64cd322ed6cb509fb338d78bbc9"
                                            ]
                                        ]
                                    ]
                                ]
                            ],
                            [
                                ".zgroup:md5,e20297935e73dd0154104d4ea53040ab",
                                [
                                    ".zattrs:md5,37c0eabf77e69009a9f0c878e69ea262",
                                    ".zgroup:md5,e20297935e73dd0154104d4ea53040ab",
                                    "shapes.parquet:md5,421068b309f947d377a39796ab75c048"
                                ],
                                [
                                    ".zattrs:md5,37c0eabf77e69009a9f0c878e69ea262",
                                    ".zgroup:md5,e20297935e73dd0154104d4ea53040ab",
                                    "shapes.parquet:md5,3b93467199715b849ed467bd3030b386"
                                ]
                            ],
                            "zmetadata:md5,de568dce6924e52a7c25150fb5768b33"
                        ]
                    ]
                ]
            }
        ],
        "meta": {
            "nf-test": "0.9.2",
            "nextflow": "25.04.4"
        },
        "timestamp": "2026-04-20T15:07:22.555730691"
    },
    "sopa_segment - tiff - nuclear": {
        "content": [
            {
                "0": [
                    [
                        {
                            "id": "test"
                        },
                        [
                            [
                                "patches_file_image:md5,b026324c6904b2a9cb4b88d6d61c81d1"
                            ],
                            ".zattrs:md5,f73562e0c37fb0115b37794a1a74974b",
                            ".zgroup:md5,e20297935e73dd0154104d4ea53040ab",
                            [
                                ".zgroup:md5,e20297935e73dd0154104d4ea53040ab",
                                [
                                    ".zattrs:md5,88568da6903af9fe0e018987dc08cae8",
                                    ".zgroup:md5,e20297935e73dd0154104d4ea53040ab",
                                    [
                                        ".zarray:md5,693c1a6da0b95db2dcbeef6cdd71799b",
                                        [
                                            [
                                                "0:md5,145adf06fce482a5962026e847ba34bc"
                                            ]
                                        ],
                                        [
                                            [
                                                "0:md5,bda4a0f66e52d9e7010d7315fe223723"
                                            ]
                                        ],
                                        [
                                            [
                                                "0:md5,145adf06fce482a5962026e847ba34bc"
                                            ]
                                        ]
                                    ],
                                    [
                                        ".zarray:md5,d0b0a330e9253e2f8f5371781c776278",
                                        [
                                            [
                                                "0:md5,5bad6c314a4c2a971a866c29f26737bb"
                                            ]
                                        ],
                                        [
                                            [
                                                "0:md5,e0f5c1b3f64c87c25e4a7b86f1667927"
                                            ]
                                        ],
                                        [
                                            [
                                                "0:md5,5bad6c314a4c2a971a866c29f26737bb"
                                            ]
                                        ]
                                    ],
                                    [
                                        ".zarray:md5,52ff9c3163107de97ee187763db1ae23",
                                        [
                                            [
                                                "0:md5,598ed11b166b832625be3f2ddbd6ecd2"
                                            ]
                                        ],
                                        [
                                            [
                                                "0:md5,78866146a797efe42b527b15d26ab90e"
                                            ]
                                        ],
                                        [
                                            [
                                                "0:md5,598ed11b166b832625be3f2ddbd6ecd2"
                                            ]
                                        ]
                                    ],
                                    [
                                        ".zarray:md5,51793604f7aa317fb8b81244e07e021e",
                                        [
                                            [
                                                "0:md5,cc8fab9e913769032dd5403aea144cf7"
                                            ]
                                        ],
                                        [
                                            [
                                                "0:md5,78ddb0bb5197b0ce35fcfd9d549ee7fa"
                                            ]
                                        ],
                                        [
                                            [
                                                "0:md5,cc8fab9e913769032dd5403aea144cf7"
                                            ]
                                        ]
                                    ],
                                    [
                                        ".zarray:md5,9fe13f0f19532d31d6ef189dd85135a2",
                                        [
                                            [
                                                "0:md5,f5a4b64cd322ed6cb509fb338d78bbc9"
                                            ]
                                        ],
                                        [
                                            [
                                                "0:md5,0c5dc99a0d1979df7d498a20555f9057"
                                            ]
                                        ],
                                        [
                                            [
                                                "0:md5,f5a4b64cd322ed6cb509fb338d78bbc9"
                                            ]
                                        ]
                                    ]
                                ]
                            ],
                            [
                                ".zgroup:md5,e20297935e73dd0154104d4ea53040ab",
                                [
                                    ".zattrs:md5,3092d7fd5d51b39416853b3c74211344",
                                    ".zgroup:md5,e20297935e73dd0154104d4ea53040ab",
                                    "shapes.parquet:md5,1d72741f51032c25f60816665ba7506b"
                                ]
                            ],
                            "zmetadata:md5,a3a0a0335a8f02b5aeb807496769d4dd"
                        ]
                    ]
                ],
                "1": [
                    
                ],
                "2": [
                    
                ],
                "tiff": [
                    
                ],
                "versions": [
                    
                ],
                "zarr": [
                    [
                        {
                            "id": "test"
                        },
                        [
                            [
                                "patches_file_image:md5,b026324c6904b2a9cb4b88d6d61c81d1"
                            ],
                            ".zattrs:md5,f73562e0c37fb0115b37794a1a74974b",
                            ".zgroup:md5,e20297935e73dd0154104d4ea53040ab",
                            [
                                ".zgroup:md5,e20297935e73dd0154104d4ea53040ab",
                                [
                                    ".zattrs:md5,88568da6903af9fe0e018987dc08cae8",
                                    ".zgroup:md5,e20297935e73dd0154104d4ea53040ab",
                                    [
                                        ".zarray:md5,693c1a6da0b95db2dcbeef6cdd71799b",
                                        [
                                            [
                                                "0:md5,145adf06fce482a5962026e847ba34bc"
                                            ]
                                        ],
                                        [
                                            [
                                                "0:md5,bda4a0f66e52d9e7010d7315fe223723"
                                            ]
                                        ],
                                        [
                                            [
                                                "0:md5,145adf06fce482a5962026e847ba34bc"
                                            ]
                                        ]
                                    ],
                                    [
                                        ".zarray:md5,d0b0a330e9253e2f8f5371781c776278",
                                        [
                                            [
                                                "0:md5,5bad6c314a4c2a971a866c29f26737bb"
                                            ]
                                        ],
                                        [
                                            [
                                                "0:md5,e0f5c1b3f64c87c25e4a7b86f1667927"
                                            ]
                                        ],
                                        [
                                            [
                                                "0:md5,5bad6c314a4c2a971a866c29f26737bb"
                                            ]
                                        ]
                                    ],
                                    [
                                        ".zarray:md5,52ff9c3163107de97ee187763db1ae23",
                                        [
                                            [
                                                "0:md5,598ed11b166b832625be3f2ddbd6ecd2"
                                            ]
                                        ],
                                        [
                                            [
                                                "0:md5,78866146a797efe42b527b15d26ab90e"
                                            ]
                                        ],
                                        [
                                            [
                                                "0:md5,598ed11b166b832625be3f2ddbd6ecd2"
                                            ]
                                        ]
                                    ],
                                    [
                                        ".zarray:md5,51793604f7aa317fb8b81244e07e021e",
                                        [
                                            [
                                                "0:md5,cc8fab9e913769032dd5403aea144cf7"
                                            ]
                                        ],
                                        [
                                            [
                                                "0:md5,78ddb0bb5197b0ce35fcfd9d549ee7fa"
                                            ]
                                        ],
                                        [
                                            [
                                                "0:md5,cc8fab9e913769032dd5403aea144cf7"
                                            ]
                                        ]
                                    ],
                                    [
                                        ".zarray:md5,9fe13f0f19532d31d6ef189dd85135a2",
                                        [
                                            [
                                                "0:md5,f5a4b64cd322ed6cb509fb338d78bbc9"
                                            ]
                                        ],
                                        [
                                            [
                                                "0:md5,0c5dc99a0d1979df7d498a20555f9057"
                                            ]
                                        ],
                                        [
                                            [
                                                "0:md5,f5a4b64cd322ed6cb509fb338d78bbc9"
                                            ]
                                        ]
                                    ]
                                ]
                            ],
                            [
                                ".zgroup:md5,e20297935e73dd0154104d4ea53040ab",
                                [
                                    ".zattrs:md5,3092d7fd5d51b39416853b3c74211344",
                                    ".zgroup:md5,e20297935e73dd0154104d4ea53040ab",
                                    "shapes.parquet:md5,1d72741f51032c25f60816665ba7506b"
                                ]
                            ],
                            "zmetadata:md5,a3a0a0335a8f02b5aeb807496769d4dd"
                        ]
                    ]
                ]
            }
        ],
        "meta": {
            "nf-test": "0.9.2",
            "nextflow": "25.04.4"
        },
        "timestamp": "2025-07-22T12:23:29.614171908"
    }
}