{
    "cellmeasurement - basic functionality": {
        "content": [
            {
                "0": [
                    [
                        {
                            "id": "test"
                        },
                        "test.geojson:md5,e52ca142bf4b7912d4fe6a9b7f55176d"
                    ]
                ],
                "1": [
                    "versions.yml:md5,ab4268c8f209ade85669d28c925f6294"
                ],
                "annotations": [
                    [
                        {
                            "id": "test"
                        },
                        "test.geojson:md5,e52ca142bf4b7912d4fe6a9b7f55176d"
                    ]
                ],
                "versions": [
                    "versions.yml:md5,ab4268c8f209ade85669d28c925f6294"
                ]
            }
        ],
        "meta": {
            "nf-test": "0.9.2",
            "nextflow": "25.04.4"
        },
        "timestamp": "2026-01-29T15:15:07.737161723"
    },
    "cellmeasurement - with cell expansion and skip measurements": {
        "content": [
            {
                "0": [
                    [
                        {
                            "id": "test_expansion"
                        },
                        "test_expansion.geojson:md5,d0d6433dbc4118045bb0111d4e66b816"
                    ]
                ],
                "1": [
                    "versions.yml:md5,911b2db92c964303bac36ad611f832a8"
                ],
                "annotations": [
                    [
                        {
                            "id": "test_expansion"
                        },
                        "test_expansion.geojson:md5,d0d6433dbc4118045bb0111d4e66b816"
                    ]
                ],
                "versions": [
                    "versions.yml:md5,911b2db92c964303bac36ad611f832a8"
                ]
            }
        ],
        "meta": {
            "nf-test": "0.9.2",
            "nextflow": "25.04.4"
        },
        "timestamp": "2025-07-02T16:14:05.984289374"
    },
    "cellmeasurement - stub": {
        "content": [
            {
                "0": [
                    [
                        {
                            "id": "test_stub"
                        },
                        "test_stub.geojson:md5,d41d8cd98f00b204e9800998ecf8427e"
                    ]
                ],
                "1": [
                    "versions.yml:md5,ab4268c8f209ade85669d28c925f6294"
                ],
                "annotations": [
                    [
                        {
                            "id": "test_stub"
                        },
                        "test_stub.geojson:md5,d41d8cd98f00b204e9800998ecf8427e"
                    ]
                ],
                "versions": [
                    "versions.yml:md5,ab4268c8f209ade85669d28c925f6294"
                ]
            }
        ],
        "meta": {
            "nf-test": "0.9.2",
            "nextflow": "25.04.4"
        },
        "timestamp": "2026-01-29T15:15:37.309104057"
    },
    "cellmeasurement - skip measurements": {
        "content": [
            {
                "0": [
                    [
                        {
                            "id": "test_expansion"
                        },
                        "test_expansion.geojson:md5,5517147da4081e48cc2c5d6761c5d48a"
                    ]
                ],
                "1": [
                    "versions.yml:md5,911b2db92c964303bac36ad611f832a8"
                ],
                "annotations": [
                    [
                        {
                            "id": "test_expansion"
                        },
                        "test_expansion.geojson:md5,5517147da4081e48cc2c5d6761c5d48a"
                    ]
                ],
                "versions": [
                    "versions.yml:md5,911b2db92c964303bac36ad611f832a8"
                ]
            }
        ],
        "meta": {
            "nf-test": "0.9.2",
            "nextflow": "25.04.4"
        },
        "timestamp": "2025-07-09T11:21:45.769311282"
    }
}