{
    "cellmeasurement - basic functionality": {
        "content": [
            {
                "0": [
                    [
                        {
                            "id": "test"
                        },
                        "test.geojson.gz:md5,c5260d02474dde830a80f88e9df6021d"
                    ]
                ],
                "1": [
                    [
                        {
                            "id": "test"
                        },
                        "test_mask.tiff:md5,beaadd91380839e1ecbdc9ac7e8bc305"
                    ]
                ],
                "2": [
                    "versions.yml:md5,77f39068248d01f6e07e70fc222393a1"
                ],
                "annotations": [
                    [
                        {
                            "id": "test"
                        },
                        "test.geojson.gz:md5,c5260d02474dde830a80f88e9df6021d"
                    ]
                ],
                "masks": [
                    [
                        {
                            "id": "test"
                        },
                        "test_mask.tiff:md5,beaadd91380839e1ecbdc9ac7e8bc305"
                    ]
                ],
                "versions": [
                    "versions.yml:md5,77f39068248d01f6e07e70fc222393a1"
                ]
            }
        ],
        "meta": {
            "nf-test": "0.9.2",
            "nextflow": "25.04.4"
        },
        "timestamp": "2026-06-25T15:10:02.749749851"
    },
    "cellmeasurement - with cell expansion and skip measurements": {
        "content": [
            {
                "0": [
                    [
                        {
                            "id": "test_expansion"
                        },
                        "test_expansion.geojson:md5,d0d6433dbc4118045bb0111d4e66b816"
                    ]
                ],
                "1": [
                    "versions.yml:md5,911b2db92c964303bac36ad611f832a8"
                ],
                "annotations": [
                    [
                        {
                            "id": "test_expansion"
                        },
                        "test_expansion.geojson:md5,d0d6433dbc4118045bb0111d4e66b816"
                    ]
                ],
                "versions": [
                    "versions.yml:md5,911b2db92c964303bac36ad611f832a8"
                ]
            }
        ],
        "meta": {
            "nf-test": "0.9.2",
            "nextflow": "25.04.4"
        },
        "timestamp": "2025-07-02T16:14:05.984289374"
    },
    "cellmeasurement - stub": {
        "content": [
            {
                "0": [
                    [
                        {
                            "id": "test_stub"
                        },
                        "test_stub.geojson:md5,d41d8cd98f00b204e9800998ecf8427e"
                    ]
                ],
                "1": [
                    [
                        {
                            "id": "test_stub"
                        },
                        "test_stub_mask.tiff:md5,d41d8cd98f00b204e9800998ecf8427e"
                    ]
                ],
                "2": [
                    "versions.yml:md5,77f39068248d01f6e07e70fc222393a1"
                ],
                "annotations": [
                    [
                        {
                            "id": "test_stub"
                        },
                        "test_stub.geojson:md5,d41d8cd98f00b204e9800998ecf8427e"
                    ]
                ],
                "masks": [
                    [
                        {
                            "id": "test_stub"
                        },
                        "test_stub_mask.tiff:md5,d41d8cd98f00b204e9800998ecf8427e"
                    ]
                ],
                "versions": [
                    "versions.yml:md5,77f39068248d01f6e07e70fc222393a1"
                ]
            }
        ],
        "meta": {
            "nf-test": "0.9.2",
            "nextflow": "25.04.4"
        },
        "timestamp": "2026-06-25T15:10:52.287012358"
    },
    "cellmeasurement - skip measurements": {
        "content": [
            {
                "0": [
                    [
                        {
                            "id": "test_expansion"
                        },
                        "test_expansion.geojson:md5,5517147da4081e48cc2c5d6761c5d48a"
                    ]
                ],
                "1": [
                    "versions.yml:md5,911b2db92c964303bac36ad611f832a8"
                ],
                "annotations": [
                    [
                        {
                            "id": "test_expansion"
                        },
                        "test_expansion.geojson:md5,5517147da4081e48cc2c5d6761c5d48a"
                    ]
                ],
                "versions": [
                    "versions.yml:md5,911b2db92c964303bac36ad611f832a8"
                ]
            }
        ],
        "meta": {
            "nf-test": "0.9.2",
            "nextflow": "25.04.4"
        },
        "timestamp": "2025-07-09T11:21:45.769311282"
    }
}